// Jest Snapshot v1, https://goo.gl/fbAQLP

exports[`HeatPumpTextField renders as expected when disableFancyLabel=true 1`] = `
<div>
  <div
    class="MuiFormControl-root MuiFormControl-fullWidth css-q8hpuo-MuiFormControl-root"
  >
    <label
      class="MuiFormLabel-root MuiFormLabel-colorPrimary css-u4tvz2-MuiFormLabel-root"
      for="1-textField"
      id="1-textField-label"
    >
      Enter some text!
    </label>
    <div
      class="MuiFormControl-root MuiTextField-root css-1u3bzj6-MuiFormControl-root-MuiTextField-root"
      data-testid="1"
    >
      <div
        class="MuiInputBase-root MuiInput-root MuiInput-underline MuiInputBase-colorPrimary MuiInputBase-formControl css-v4u5dn-MuiInputBase-root-MuiInput-root"
      >
        <input
          aria-invalid="false"
          class="MuiInputBase-input MuiInput-input css-1x51dt5-MuiInputBase-input-MuiInput-input"
          id="1-textField"
          name="1"
          type="text"
          value=""
        />
      </div>
    </div>
  </div>
</div>
`;

exports[`HeatPumpTextField renders normally with default props 1`] = `
<div>
  <div
    class="MuiFormControl-root MuiFormControl-fullWidth css-q8hpuo-MuiFormControl-root"
  >
    <div
      class="MuiFormControl-root MuiTextField-root css-1u3bzj6-MuiFormControl-root-MuiTextField-root"
      data-testid="1"
    >
      <label
        class="MuiFormLabel-root MuiInputLabel-root MuiInputLabel-formControl MuiInputLabel-animated MuiInputLabel-standard MuiFormLabel-colorPrimary MuiInputLabel-root MuiInputLabel-formControl MuiInputLabel-animated MuiInputLabel-standard css-aqpgxn-MuiFormLabel-root-MuiInputLabel-root"
        data-shrink="false"
        for=":r0:"
        id=":r0:-label"
      >
        Enter some text!
      </label>
      <div
        class="MuiInputBase-root MuiInput-root MuiInput-underline MuiInputBase-colorPrimary MuiInputBase-formControl css-v4u5dn-MuiInputBase-root-MuiInput-root"
      >
        <input
          aria-invalid="false"
          class="MuiInputBase-input MuiInput-input css-1x51dt5-MuiInputBase-input-MuiInput-input"
          id="1-textField"
          name="1"
          type="text"
          value=""
        />
      </div>
    </div>
  </div>
</div>
`;
